// Jest Snapshot v1, https://goo.gl/fbAQLP

exports[`App should render correctly in "debug" mode 1`] = `ShallowWrapper {}`;

exports[`App9 snapshot renders 1`] = `
<div>
  <h2
    className="text--center mb-s"
  >
    Product Details
  </h2>
  <table
    className="table"
  >
    <tbody>
      <tr>
        <th>
          ISBN-13: 
        </th>
        <td>
          
        </td>
      </tr>
      <tr>
        <th>
          Publisher: 
        </th>
        <td>
          <a
            href=""
          >
            
          </a>
        </td>
      </tr>
      <tr>
        <th>
          Publication Date: 
        </th>
        <td>
          Invalid Date
        </td>
      </tr>
      <tr>
        <th>
          Pages: 
        </th>
        <td />
      </tr>
      <tr>
        <th>
          Sales Rank: 
        </th>
        <td />
      </tr>
    </tbody>
  </table>
</div>
`;
