// Jest Snapshot v1, https://goo.gl/fbAQLP

exports[`App react test renders the inner productDetails 1`] = `
"<App isbn13=\\"9781524763169\\">
  <div>
    <h2>
      Product Details
    </h2>
    <ProductDetails record={{...}}>
      <table className=\\"productDetailsTB\\">
        <tbody>
          <tr>
            <th>
              ISBN-13: 
            </th>
            <td />
          </tr>
          <tr>
            <th>
              Publisher: 
            </th>
            <td>
              <a href=\\"\\" />
            </td>
          </tr>
          <tr>
            <th>
              Publication Date: 
            </th>
            <td>
              Invalid Date
            </td>
          </tr>
          <tr>
            <th>
              Pages: 
            </th>
            <td />
          </tr>
          <tr>
            <th>
              Sales Rank: 
            </th>
            <td />
          </tr>
        </tbody>
      </table>
    </ProductDetails>
  </div>
</App>"
`;

exports[`Checking that App comoponent really use the express.js server renders the inner productDetails 1`] = `
"<App isbn13=\\"9781524763169\\">
  <div>
    <h2>
      Product Details
    </h2>
    <ProductDetails record={{...}}>
      <table className=\\"productDetailsTB\\">
        <tbody>
          <tr>
            <th>
              ISBN-13: 
            </th>
            <td />
          </tr>
          <tr>
            <th>
              Publisher: 
            </th>
            <td>
              <a href=\\"\\" />
            </td>
          </tr>
          <tr>
            <th>
              Publication Date: 
            </th>
            <td>
              Invalid Date
            </td>
          </tr>
          <tr>
            <th>
              Pages: 
            </th>
            <td />
          </tr>
          <tr>
            <th>
              Sales Rank: 
            </th>
            <td />
          </tr>
        </tbody>
      </table>
    </ProductDetails>
  </div>
</App>"
`;
